// Jest Snapshot v1, https://goo.gl/fbAQLP

exports[`renders correctly 1`] = `
<section
  className="header"
>
  <h1
    className="intro"
  >
    Mussum Ipsum, cacilds vidis litro abertis. Admodum accumsan disputationi eu sit. Vide electram sadipscing et per. Casamentiss faiz malandris se pirulit√°.
  </h1>
</section>
`;
