// Jest Snapshot v1, https://goo.gl/fbAQLP

exports[`render correctly 1`] = `
<section
  className="portfolio"
>
  Seção Portfolio
</section>
`;
